[heybi-viral.blogspot.com/index.html]
[backblue.gif]
[fade.gif]
[index.html]
[heybi-viral.blogspot.com/favicon.ico]
[heybi-viral.blogspot.com/feeds/posts/default]
[heybi-viral.blogspot.com/feeds/posts/default9522]
[heybi-viral.blogspot.com/owl.video.play.3.delayed]
[heybi-viral.blogspot.com/search/label/Culture.html]
[heybi-viral.blogspot.com/search/label/Fashion.html]
[heybi-viral.blogspot.com/search/label/Health.html]
[heybi-viral.blogspot.com/search/label/Science.html]
[heybi-viral.blogspot.com/search/label/Tech.html]
[heybi-viral.blogspot.com/search/label/Traveling.html]
[heybi-viral.blogspot.com/search/label/Video.html]
[heybi-viral.blogspot.com/https.b.delayed]
[heybi-viral.blogspot.com/2017/11/the-brandenburg-gate-is-without-doubt.html]
[heybi-viral.blogspot.com/2018/04/why-japanese-dont-litter-lesson-in.html]
[heybi-viral.blogspot.com/2018/03/bbcs-top-100-books-you-need-to-read.html]
[heybi-viral.blogspot.com/2018/03/morning-yoga-workout-better-than-gym.html]
[heybi-viral.blogspot.com/2018/02/mens-guide-to-staying-fashionable-while.html]
[heybi-viral.blogspot.com/2018/01/the-subway-is-being-fixed-but-can.html]
[heybi-viral.blogspot.com/2017/12/one-of-anthea-hamiltons-pumpkin-mermen.html]
[heybi-viral.blogspot.com/searcha118.html]
[heybi-viral.blogspot.com/search/label/Book.html]
[heybi-viral.blogspot.com/search/label/History.html]
[heybi-viral.blogspot.com/search/label/Japan.html]
[heybi-viral.blogspot.com/search/label/Reading List.html]
[heybi-viral.blogspot.com/search/label/Yoga.html]
[heybi-viral.blogspot.com/p/about.html]
[heybi-viral.blogspot.com/p/about-us.html]
[heybi-viral.blogspot.com/responsive/sprite_v1_6.css.svg]
[heybi-viral.blogspot.com/index.html]
[heybi-viral.blogspot.com/owl.video.play.html]
[heybi-viral.blogspot.com/search/label/owl.video.play.html]
[heybi-viral.blogspot.com/search/label/Culture.html]
[heybi-viral.blogspot.com/2017/10/top-5-japanese-girl-bands.html]
[heybi-viral.blogspot.com/search/label/Fashion.html]
[heybi-viral.blogspot.com/search/label/Fashion54b3.html]
[heybi-viral.blogspot.com/search/label/Health.html]
[heybi-viral.blogspot.com/search/label/Health90fb.html]
[heybi-viral.blogspot.com/search/label/Science.html]
[heybi-viral.blogspot.com/search/label/Science90fb.html]
[heybi-viral.blogspot.com/search/label/Tech.html]
[heybi-viral.blogspot.com/search/label/Traveling.html]
[heybi-viral.blogspot.com/search/label/Video.html]
[heybi-viral.blogspot.com/https.html]
[heybi-viral.blogspot.com/search/label/Tech6ae3.html]
[heybi-viral.blogspot.com/feeds/6591110195085706610/comments/default]
[heybi-viral.blogspot.com/2017/11/owl.video.play.23.delayed]
[heybi-viral.blogspot.com/default.24.delayed]
[heybi-viral.blogspot.com/maxresdefault.25.delayed]
[heybi-viral.blogspot.com/2017/11/the-brandenburg-gate-is-without-doubt.html]
[heybi-viral.blogspot.com/2017/11/the-brandenburg-gate-is-without-doubt9041.html]
[heybi-viral.blogspot.com/feeds/5502128754882300464/comments/default]
[heybi-viral.blogspot.com/2018/04/owl.video.play.28.delayed]
[heybi-viral.blogspot.com/2018/04/why-japanese-dont-litter-lesson-in.html]
[heybi-viral.blogspot.com/2018/04/why-japanese-dont-litter-lesson-in5b9e.html]
[heybi-viral.blogspot.com/feeds/474450281682630591/comments/default]
[heybi-viral.blogspot.com/2018/03/owl.video.play.2b.delayed]
[heybi-viral.blogspot.com/2018/03/bbcs-top-100-books-you-need-to-read.html]
[heybi-viral.blogspot.com/2018/03/morning-yoga-workout-better-than-gym.html]
[heybi-viral.blogspot.com/feeds/5365119427384242074/comments/default]
[heybi-viral.blogspot.com/feeds/5478662195064806625/comments/default]
[heybi-viral.blogspot.com/2018/02/owl.video.play.2e.delayed]
[heybi-viral.blogspot.com/2018/02/mens-guide-to-staying-fashionable-while.html]
[heybi-viral.blogspot.com/feeds/7741308522499113240/comments/default]
[heybi-viral.blogspot.com/2018/01/owl.video.play.30.delayed]
[heybi-viral.blogspot.com/2018/01/the-subway-is-being-fixed-but-can.html]
[heybi-viral.blogspot.com/feeds/3910921620945815451/comments/default]
[heybi-viral.blogspot.com/2017/12/owl.video.play.32.delayed]
[heybi-viral.blogspot.com/2017/12/one-of-anthea-hamiltons-pumpkin-mermen.html]
[heybi-viral.blogspot.com/searcha118.html]
[heybi-viral.blogspot.com/search/label/Book.html]
[heybi-viral.blogspot.com/search/label/Bookc238.html]
[heybi-viral.blogspot.com/search/label/History.html]
[heybi-viral.blogspot.com/search/label/Japan.html]
[heybi-viral.blogspot.com/search/label/History80f8.html]
[heybi-viral.blogspot.com/search/label/Reading List.html]
[heybi-viral.blogspot.com/search/label/Reading Listc238.html]
[heybi-viral.blogspot.com/search/label/Yoga.html]
[heybi-viral.blogspot.com/search/label/Yoga90fb.html]
[heybi-viral.blogspot.com/p/owl.video.play.37.delayed]
[heybi-viral.blogspot.com/p/about.html]
[heybi-viral.blogspot.com/p/about-us.html]
[heybi-viral.blogspot.com/responsive/sprite_v1_6.css.svg]
[heybi-viral.blogspot.com/search/label/owl.video.play.html]
[heybi-viral.blogspot.com/feeds/1234637460275246044/comments/default]
[heybi-viral.blogspot.com/2017/10/owl.video.play.39.delayed]
[heybi-viral.blogspot.com/2017/10/top-5-japanese-girl-bands.html]
[heybi-viral.blogspot.com/search/label/Fashion54b3.html]
[heybi-viral.blogspot.com/search/label/Health90fb.html]
[heybi-viral.blogspot.com/search/label/Science90fb.html]
[heybi-viral.blogspot.com/search/label/Tech6ae3.html]
[heybi-viral.blogspot.com/2017/11/owl.video.play.html]
[heybi-viral.blogspot.com/default.html]
[heybi-viral.blogspot.com/maxresdefault.html]
[heybi-viral.blogspot.com/2017/11/the-brandenburg-gate-is-without-doubt9041.html]
[heybi-viral.blogspot.com/2018/04/owl.video.play.html]
[heybi-viral.blogspot.com/2018/04/why-japanese-dont-litter-lesson-in5b9e.html]
[heybi-viral.blogspot.com/2018/03/owl.video.play.html]
[heybi-viral.blogspot.com/2018/02/owl.video.play.html]
[heybi-viral.blogspot.com/2018/01/owl.video.play.html]
[heybi-viral.blogspot.com/2017/12/owl.video.play.html]
[heybi-viral.blogspot.com/search/label/Bookc238.html]
[heybi-viral.blogspot.com/search/label/History80f8.html]
[heybi-viral.blogspot.com/search/label/Reading Listc238.html]
[heybi-viral.blogspot.com/search/label/Yoga90fb.html]
[heybi-viral.blogspot.com/p/owl.video.play.html]
[heybi-viral.blogspot.com/2017/10/owl.video.play.html]
